src/app/explorer/page.tsx(11,7): error TS7034: Variable 'albums' implicitly has type 'any[]' in some locations where its type cannot be determined.
src/app/explorer/page.tsx(32,31): error TS7005: Variable 'albums' implicitly has an 'any[]' type.
src/components/TopSongs.tsx(9,224): error TS2322: Type '"the-tortured-poets-department"' is not assignable to type 'EraSlug'.
src/components/TopSongs.tsx(10,195): error TS2322: Type '"the-tortured-poets-department"' is not assignable to type 'EraSlug'.
src/components/TopSongs.tsx(11,184): error TS2820: Type '"speak-now"' is not assignable to type 'EraSlug'. Did you mean '"speaknow"'?
src/components/TopSongs.tsx(12,174): error TS2820: Type '"speak-now"' is not assignable to type 'EraSlug'. Did you mean '"speaknow"'?
src/components/TopSongs.tsx(13,196): error TS2322: Type '"the-life-of-a-showgirl"' is not assignable to type 'EraSlug'.
